[0.009s] Invoking command in '/home/balakarthik/IGUS_ROBOT_MANIPULATION/build/igus_rebel_description': CMAKE_PREFIX_PATH=${CMAKE_PREFIX_PATH}:/opt/ros/jazzy DEBUGINFOD_URLS=https://debuginfod.ubuntu.com /usr/bin/cmake --build /home/balakarthik/IGUS_ROBOT_MANIPULATION/build/igus_rebel_description -- -j16 -l16
[0.032s] -- Found ament_cmake: 2.5.5 (/opt/ros/jazzy/share/ament_cmake/cmake)
[0.247s] -- Found ament_lint_auto: 0.17.4 (/opt/ros/jazzy/share/ament_lint_auto/cmake)
[0.324s] -- Added test 'flake8' to check Python code syntax and style conventions
[0.324s] -- Configured 'flake8' exclude dirs and/or files: 
[0.324s] -- Added test 'lint_cmake' to check CMake code style
[0.325s] -- Added test 'pep257' to check Python code against some of the docstring style conventions in PEP 257
[0.326s] -- Added test 'xmllint' to check XML markup files
[0.326s] -- Configuring done (0.3s)
[0.328s] -- Generating done (0.0s)
[0.329s] -- Build files have been written to: /home/balakarthik/IGUS_ROBOT_MANIPULATION/build/igus_rebel_description
[0.353s] Invoked command in '/home/balakarthik/IGUS_ROBOT_MANIPULATION/build/igus_rebel_description' returned '0': CMAKE_PREFIX_PATH=${CMAKE_PREFIX_PATH}:/opt/ros/jazzy DEBUGINFOD_URLS=https://debuginfod.ubuntu.com /usr/bin/cmake --build /home/balakarthik/IGUS_ROBOT_MANIPULATION/build/igus_rebel_description -- -j16 -l16
[0.365s] Invoking command in '/home/balakarthik/IGUS_ROBOT_MANIPULATION/build/igus_rebel_description': CMAKE_PREFIX_PATH=${CMAKE_PREFIX_PATH}:/opt/ros/jazzy DEBUGINFOD_URLS=https://debuginfod.ubuntu.com /usr/bin/cmake --install /home/balakarthik/IGUS_ROBOT_MANIPULATION/build/igus_rebel_description
[0.375s] -- Install configuration: ""
[0.375s] -- Up-to-date: /home/balakarthik/IGUS_ROBOT_MANIPULATION/install/igus_rebel_description/share/igus_rebel_description/meshes
[0.376s] -- Up-to-date: /home/balakarthik/IGUS_ROBOT_MANIPULATION/install/igus_rebel_description/share/igus_rebel_description/meshes/robolink_rebel2
[0.376s] -- Up-to-date: /home/balakarthik/IGUS_ROBOT_MANIPULATION/install/igus_rebel_description/share/igus_rebel_description/meshes/robolink_rebel2/simplified_link2.stl
[0.376s] -- Up-to-date: /home/balakarthik/IGUS_ROBOT_MANIPULATION/install/igus_rebel_description/share/igus_rebel_description/meshes/robolink_rebel2/base_link.stl
[0.376s] -- Up-to-date: /home/balakarthik/IGUS_ROBOT_MANIPULATION/install/igus_rebel_description/share/igus_rebel_description/meshes/robolink_rebel2/link1.stl
[0.377s] -- Up-to-date: /home/balakarthik/IGUS_ROBOT_MANIPULATION/install/igus_rebel_description/share/igus_rebel_description/meshes/robolink_rebel2/simplified_link6.stl
[0.377s] -- Up-to-date: /home/balakarthik/IGUS_ROBOT_MANIPULATION/install/igus_rebel_description/share/igus_rebel_description/meshes/robolink_rebel2/simplified_link5.stl
[0.377s] -- Up-to-date: /home/balakarthik/IGUS_ROBOT_MANIPULATION/install/igus_rebel_description/share/igus_rebel_description/meshes/robolink_rebel2/motor1.stl
[0.377s] -- Up-to-date: /home/balakarthik/IGUS_ROBOT_MANIPULATION/install/igus_rebel_description/share/igus_rebel_description/meshes/robolink_rebel2/motor2.stl
[0.377s] -- Up-to-date: /home/balakarthik/IGUS_ROBOT_MANIPULATION/install/igus_rebel_description/share/igus_rebel_description/meshes/robolink_rebel2/link3.stl
[0.378s] -- Up-to-date: /home/balakarthik/IGUS_ROBOT_MANIPULATION/install/igus_rebel_description/share/igus_rebel_description/meshes/robolink_rebel2/simplified_base_link.stl
[0.378s] -- Up-to-date: /home/balakarthik/IGUS_ROBOT_MANIPULATION/install/igus_rebel_description/share/igus_rebel_description/meshes/robolink_rebel2/link2.stl
[0.378s] -- Up-to-date: /home/balakarthik/IGUS_ROBOT_MANIPULATION/install/igus_rebel_description/share/igus_rebel_description/meshes/robolink_rebel2/simplified_motor3.stl
[0.378s] -- Up-to-date: /home/balakarthik/IGUS_ROBOT_MANIPULATION/install/igus_rebel_description/share/igus_rebel_description/meshes/robolink_rebel2/link4.stl
[0.378s] -- Up-to-date: /home/balakarthik/IGUS_ROBOT_MANIPULATION/install/igus_rebel_description/share/igus_rebel_description/meshes/robolink_rebel2/simplified_link1.stl
[0.378s] -- Up-to-date: /home/balakarthik/IGUS_ROBOT_MANIPULATION/install/igus_rebel_description/share/igus_rebel_description/meshes/robolink_rebel2/simplified_motor1.stl
[0.378s] -- Up-to-date: /home/balakarthik/IGUS_ROBOT_MANIPULATION/install/igus_rebel_description/share/igus_rebel_description/meshes/robolink_rebel2/motor4.stl
[0.379s] -- Up-to-date: /home/balakarthik/IGUS_ROBOT_MANIPULATION/install/igus_rebel_description/share/igus_rebel_description/meshes/robolink_rebel2/simplified_motor4.stl
[0.379s] -- Up-to-date: /home/balakarthik/IGUS_ROBOT_MANIPULATION/install/igus_rebel_description/share/igus_rebel_description/meshes/robolink_rebel2/link6.stl
[0.379s] -- Up-to-date: /home/balakarthik/IGUS_ROBOT_MANIPULATION/install/igus_rebel_description/share/igus_rebel_description/meshes/robolink_rebel2/motor3.stl
[0.379s] -- Up-to-date: /home/balakarthik/IGUS_ROBOT_MANIPULATION/install/igus_rebel_description/share/igus_rebel_description/meshes/robolink_rebel2/simplified_link3.stl
[0.379s] -- Up-to-date: /home/balakarthik/IGUS_ROBOT_MANIPULATION/install/igus_rebel_description/share/igus_rebel_description/meshes/robolink_rebel2/simplified_motor2.stl
[0.379s] -- Up-to-date: /home/balakarthik/IGUS_ROBOT_MANIPULATION/install/igus_rebel_description/share/igus_rebel_description/meshes/robolink_rebel2/simplified_link4.stl
[0.380s] -- Up-to-date: /home/balakarthik/IGUS_ROBOT_MANIPULATION/install/igus_rebel_description/share/igus_rebel_description/meshes/robolink_rebel2/simplified_motor5.stl
[0.380s] -- Up-to-date: /home/balakarthik/IGUS_ROBOT_MANIPULATION/install/igus_rebel_description/share/igus_rebel_description/meshes/robolink_rebel2/link5.stl
[0.381s] -- Up-to-date: /home/balakarthik/IGUS_ROBOT_MANIPULATION/install/igus_rebel_description/share/igus_rebel_description/meshes/robolink_rebel2/motor5.stl
[0.381s] -- Up-to-date: /home/balakarthik/IGUS_ROBOT_MANIPULATION/install/igus_rebel_description/share/igus_rebel_description/meshes/robolink_rebel
[0.381s] -- Up-to-date: /home/balakarthik/IGUS_ROBOT_MANIPULATION/install/igus_rebel_description/share/igus_rebel_description/meshes/robolink_rebel/Robolink_RebeL_002_2.stl
[0.382s] -- Up-to-date: /home/balakarthik/IGUS_ROBOT_MANIPULATION/install/igus_rebel_description/share/igus_rebel_description/meshes/robolink_rebel/Diffuse Map.004.png
[0.382s] -- Up-to-date: /home/balakarthik/IGUS_ROBOT_MANIPULATION/install/igus_rebel_description/share/igus_rebel_description/meshes/robolink_rebel/Robolink_RebeL_005.stl
[0.382s] -- Up-to-date: /home/balakarthik/IGUS_ROBOT_MANIPULATION/install/igus_rebel_description/share/igus_rebel_description/meshes/robolink_rebel/Robolink_RebeL_000.dae
[0.382s] -- Up-to-date: /home/balakarthik/IGUS_ROBOT_MANIPULATION/install/igus_rebel_description/share/igus_rebel_description/meshes/robolink_rebel/Diffuse Map.001.png
[0.383s] -- Up-to-date: /home/balakarthik/IGUS_ROBOT_MANIPULATION/install/igus_rebel_description/share/igus_rebel_description/meshes/robolink_rebel/Robolink_RebeL_000.stl
[0.383s] -- Up-to-date: /home/balakarthik/IGUS_ROBOT_MANIPULATION/install/igus_rebel_description/share/igus_rebel_description/meshes/robolink_rebel/Robolink_RebeL_006.stl
[0.384s] -- Up-to-date: /home/balakarthik/IGUS_ROBOT_MANIPULATION/install/igus_rebel_description/share/igus_rebel_description/meshes/robolink_rebel/Robolink_RebeL_003.stl
[0.384s] -- Up-to-date: /home/balakarthik/IGUS_ROBOT_MANIPULATION/install/igus_rebel_description/share/igus_rebel_description/meshes/robolink_rebel/Diffuse Map.png
[0.384s] -- Up-to-date: /home/balakarthik/IGUS_ROBOT_MANIPULATION/install/igus_rebel_description/share/igus_rebel_description/meshes/robolink_rebel/Robolink_RebeL_001.stl
[0.385s] -- Up-to-date: /home/balakarthik/IGUS_ROBOT_MANIPULATION/install/igus_rebel_description/share/igus_rebel_description/meshes/robolink_rebel/Diffuse Map.006.png
[0.385s] -- Up-to-date: /home/balakarthik/IGUS_ROBOT_MANIPULATION/install/igus_rebel_description/share/igus_rebel_description/meshes/robolink_rebel/Robolink_RebeL_005.dae
[0.385s] -- Up-to-date: /home/balakarthik/IGUS_ROBOT_MANIPULATION/install/igus_rebel_description/share/igus_rebel_description/meshes/robolink_rebel/Robolink_RebeL_002_0.stl
[0.385s] -- Up-to-date: /home/balakarthik/IGUS_ROBOT_MANIPULATION/install/igus_rebel_description/share/igus_rebel_description/meshes/robolink_rebel/Robolink_RebeL_003.dae
[0.386s] -- Up-to-date: /home/balakarthik/IGUS_ROBOT_MANIPULATION/install/igus_rebel_description/share/igus_rebel_description/meshes/robolink_rebel/Diffuse Map.002.png
[0.386s] -- Up-to-date: /home/balakarthik/IGUS_ROBOT_MANIPULATION/install/igus_rebel_description/share/igus_rebel_description/meshes/robolink_rebel/Robolink_RebeL_002_0.dae
[0.387s] -- Up-to-date: /home/balakarthik/IGUS_ROBOT_MANIPULATION/install/igus_rebel_description/share/igus_rebel_description/meshes/robolink_rebel/Robolink_RebeL_002.stl
[0.387s] -- Up-to-date: /home/balakarthik/IGUS_ROBOT_MANIPULATION/install/igus_rebel_description/share/igus_rebel_description/meshes/robolink_rebel/Robolink_RebeL_002_1.stl
[0.388s] -- Up-to-date: /home/balakarthik/IGUS_ROBOT_MANIPULATION/install/igus_rebel_description/share/igus_rebel_description/meshes/robolink_rebel/Diffuse Map.003.png
[0.388s] -- Up-to-date: /home/balakarthik/IGUS_ROBOT_MANIPULATION/install/igus_rebel_description/share/igus_rebel_description/meshes/robolink_rebel/Diffuse Map.005.png
[0.388s] -- Up-to-date: /home/balakarthik/IGUS_ROBOT_MANIPULATION/install/igus_rebel_description/share/igus_rebel_description/meshes/robolink_rebel/Robolink_RebeL_001.dae
[0.389s] -- Up-to-date: /home/balakarthik/IGUS_ROBOT_MANIPULATION/install/igus_rebel_description/share/igus_rebel_description/meshes/robolink_rebel/Robolink_RebeL_004.dae
[0.389s] -- Up-to-date: /home/balakarthik/IGUS_ROBOT_MANIPULATION/install/igus_rebel_description/share/igus_rebel_description/meshes/robolink_rebel/Robolink_RebeL_002_1.dae
[0.389s] -- Up-to-date: /home/balakarthik/IGUS_ROBOT_MANIPULATION/install/igus_rebel_description/share/igus_rebel_description/meshes/robolink_rebel/Robolink_RebeL_002_2.dae
[0.389s] -- Up-to-date: /home/balakarthik/IGUS_ROBOT_MANIPULATION/install/igus_rebel_description/share/igus_rebel_description/meshes/robolink_rebel/Robolink_RebeL_004.stl
[0.390s] -- Up-to-date: /home/balakarthik/IGUS_ROBOT_MANIPULATION/install/igus_rebel_description/share/igus_rebel_description/meshes/robolink_rebel/Robolink_RebeL_006.dae
[0.390s] -- Up-to-date: /home/balakarthik/IGUS_ROBOT_MANIPULATION/install/igus_rebel_description/share/igus_rebel_description/urdf
[0.390s] -- Up-to-date: /home/balakarthik/IGUS_ROBOT_MANIPULATION/install/igus_rebel_description/share/igus_rebel_description/urdf/igus_rebel_robot2.urdf.xacro
[0.390s] -- Up-to-date: /home/balakarthik/IGUS_ROBOT_MANIPULATION/install/igus_rebel_description/share/igus_rebel_description/urdf/igus_rebel.control.xacro
[0.390s] -- Up-to-date: /home/balakarthik/IGUS_ROBOT_MANIPULATION/install/igus_rebel_description/share/igus_rebel_description/urdf/igus_rebel2.urdf
[0.390s] -- Up-to-date: /home/balakarthik/IGUS_ROBOT_MANIPULATION/install/igus_rebel_description/share/igus_rebel_description/urdf/igus_rebel_robot.urdf.xacro
[0.390s] -- Up-to-date: /home/balakarthik/IGUS_ROBOT_MANIPULATION/install/igus_rebel_description/share/igus_rebel_description/urdf/igus_rebel2.control.xacro
[0.390s] -- Up-to-date: /home/balakarthik/IGUS_ROBOT_MANIPULATION/install/igus_rebel_description/share/igus_rebel_description/urdf/igus_rebel.urdf
[0.390s] -- Up-to-date: /home/balakarthik/IGUS_ROBOT_MANIPULATION/install/igus_rebel_description/share/igus_rebel_description/launch
[0.391s] -- Installing: /home/balakarthik/IGUS_ROBOT_MANIPULATION/install/igus_rebel_description/share/igus_rebel_description/launch/visualize.launch.py
[0.391s] -- Installing: /home/balakarthik/IGUS_ROBOT_MANIPULATION/install/igus_rebel_description/share/igus_rebel_description/worlds
[0.391s] -- Installing: /home/balakarthik/IGUS_ROBOT_MANIPULATION/install/igus_rebel_description/share/igus_rebel_description/worlds/rebel_world.sdf
[0.391s] -- Up-to-date: /home/balakarthik/IGUS_ROBOT_MANIPULATION/install/igus_rebel_description/share/ament_index/resource_index/package_run_dependencies/igus_rebel_description
[0.391s] -- Up-to-date: /home/balakarthik/IGUS_ROBOT_MANIPULATION/install/igus_rebel_description/share/ament_index/resource_index/parent_prefix_path/igus_rebel_description
[0.391s] -- Up-to-date: /home/balakarthik/IGUS_ROBOT_MANIPULATION/install/igus_rebel_description/share/igus_rebel_description/environment/ament_prefix_path.sh
[0.391s] -- Up-to-date: /home/balakarthik/IGUS_ROBOT_MANIPULATION/install/igus_rebel_description/share/igus_rebel_description/environment/ament_prefix_path.dsv
[0.391s] -- Up-to-date: /home/balakarthik/IGUS_ROBOT_MANIPULATION/install/igus_rebel_description/share/igus_rebel_description/environment/path.sh
[0.392s] -- Up-to-date: /home/balakarthik/IGUS_ROBOT_MANIPULATION/install/igus_rebel_description/share/igus_rebel_description/environment/path.dsv
[0.392s] -- Up-to-date: /home/balakarthik/IGUS_ROBOT_MANIPULATION/install/igus_rebel_description/share/igus_rebel_description/local_setup.bash
[0.392s] -- Up-to-date: /home/balakarthik/IGUS_ROBOT_MANIPULATION/install/igus_rebel_description/share/igus_rebel_description/local_setup.sh
[0.392s] -- Up-to-date: /home/balakarthik/IGUS_ROBOT_MANIPULATION/install/igus_rebel_description/share/igus_rebel_description/local_setup.zsh
[0.392s] -- Up-to-date: /home/balakarthik/IGUS_ROBOT_MANIPULATION/install/igus_rebel_description/share/igus_rebel_description/local_setup.dsv
[0.393s] -- Installing: /home/balakarthik/IGUS_ROBOT_MANIPULATION/install/igus_rebel_description/share/igus_rebel_description/package.dsv
[0.393s] -- Up-to-date: /home/balakarthik/IGUS_ROBOT_MANIPULATION/install/igus_rebel_description/share/ament_index/resource_index/packages/igus_rebel_description
[0.393s] -- Up-to-date: /home/balakarthik/IGUS_ROBOT_MANIPULATION/install/igus_rebel_description/share/igus_rebel_description/cmake/igus_rebel_descriptionConfig.cmake
[0.393s] -- Up-to-date: /home/balakarthik/IGUS_ROBOT_MANIPULATION/install/igus_rebel_description/share/igus_rebel_description/cmake/igus_rebel_descriptionConfig-version.cmake
[0.393s] -- Up-to-date: /home/balakarthik/IGUS_ROBOT_MANIPULATION/install/igus_rebel_description/share/igus_rebel_description/package.xml
[0.393s] Invoked command in '/home/balakarthik/IGUS_ROBOT_MANIPULATION/build/igus_rebel_description' returned '0': CMAKE_PREFIX_PATH=${CMAKE_PREFIX_PATH}:/opt/ros/jazzy DEBUGINFOD_URLS=https://debuginfod.ubuntu.com /usr/bin/cmake --install /home/balakarthik/IGUS_ROBOT_MANIPULATION/build/igus_rebel_description
