[0.009s] Invoking command in '/home/balakarthik/IGUS_ROBOT_MANIPULATION/build/igus_rebel_description': CMAKE_PREFIX_PATH=${CMAKE_PREFIX_PATH}:/opt/ros/jazzy DEBUGINFOD_URLS=https://debuginfod.ubuntu.com /usr/bin/cmake /home/balakarthik/IGUS_ROBOT_MANIPULATION/src/igus_rebel_description -DCMAKE_INSTALL_PREFIX=/home/balakarthik/IGUS_ROBOT_MANIPULATION/install/igus_rebel_description
[0.071s] -- The C compiler identification is GNU 13.3.0
[0.121s] -- The CXX compiler identification is GNU 13.3.0
[0.141s] -- Detecting C compiler ABI info
[0.243s] -- Detecting C compiler ABI info - done
[0.251s] -- Check for working C compiler: /usr/bin/cc - skipped
[0.251s] -- Detecting C compile features
[0.251s] -- Detecting C compile features - done
[0.260s] -- Detecting CXX compiler ABI info
[0.367s] -- Detecting CXX compiler ABI info - done
[0.376s] -- Check for working CXX compiler: /usr/bin/c++ - skipped
[0.376s] -- Detecting CXX compile features
[0.377s] -- Detecting CXX compile features - done
[0.381s] -- Found ament_cmake: 2.5.5 (/opt/ros/jazzy/share/ament_cmake/cmake)
[0.493s] -- Found Python3: /usr/bin/python3 (found version "3.12.3") found components: Interpreter 
[0.582s] -- Found ament_lint_auto: 0.17.4 (/opt/ros/jazzy/share/ament_lint_auto/cmake)
[0.668s] -- Added test 'flake8' to check Python code syntax and style conventions
[0.668s] -- Configured 'flake8' exclude dirs and/or files: 
[0.669s] -- Added test 'lint_cmake' to check CMake code style
[0.669s] -- Added test 'pep257' to check Python code against some of the docstring style conventions in PEP 257
[0.671s] -- Added test 'xmllint' to check XML markup files
[0.672s] -- Configuring done (0.7s)
[0.674s] -- Generating done (0.0s)
[0.675s] -- Build files have been written to: /home/balakarthik/IGUS_ROBOT_MANIPULATION/build/igus_rebel_description
[0.678s] Invoked command in '/home/balakarthik/IGUS_ROBOT_MANIPULATION/build/igus_rebel_description' returned '0': CMAKE_PREFIX_PATH=${CMAKE_PREFIX_PATH}:/opt/ros/jazzy DEBUGINFOD_URLS=https://debuginfod.ubuntu.com /usr/bin/cmake /home/balakarthik/IGUS_ROBOT_MANIPULATION/src/igus_rebel_description -DCMAKE_INSTALL_PREFIX=/home/balakarthik/IGUS_ROBOT_MANIPULATION/install/igus_rebel_description
[0.680s] Invoking command in '/home/balakarthik/IGUS_ROBOT_MANIPULATION/build/igus_rebel_description': CMAKE_PREFIX_PATH=${CMAKE_PREFIX_PATH}:/opt/ros/jazzy DEBUGINFOD_URLS=https://debuginfod.ubuntu.com /usr/bin/cmake --build /home/balakarthik/IGUS_ROBOT_MANIPULATION/build/igus_rebel_description -- -j16 -l16
[0.725s] Invoked command in '/home/balakarthik/IGUS_ROBOT_MANIPULATION/build/igus_rebel_description' returned '0': CMAKE_PREFIX_PATH=${CMAKE_PREFIX_PATH}:/opt/ros/jazzy DEBUGINFOD_URLS=https://debuginfod.ubuntu.com /usr/bin/cmake --build /home/balakarthik/IGUS_ROBOT_MANIPULATION/build/igus_rebel_description -- -j16 -l16
[0.736s] Invoking command in '/home/balakarthik/IGUS_ROBOT_MANIPULATION/build/igus_rebel_description': CMAKE_PREFIX_PATH=${CMAKE_PREFIX_PATH}:/opt/ros/jazzy DEBUGINFOD_URLS=https://debuginfod.ubuntu.com /usr/bin/cmake --install /home/balakarthik/IGUS_ROBOT_MANIPULATION/build/igus_rebel_description
[0.746s] -- Install configuration: ""
[0.747s] -- Installing: /home/balakarthik/IGUS_ROBOT_MANIPULATION/install/igus_rebel_description/share/igus_rebel_description/meshes
[0.747s] -- Installing: /home/balakarthik/IGUS_ROBOT_MANIPULATION/install/igus_rebel_description/share/igus_rebel_description/meshes/robolink_rebel2
[0.747s] -- Installing: /home/balakarthik/IGUS_ROBOT_MANIPULATION/install/igus_rebel_description/share/igus_rebel_description/meshes/robolink_rebel2/simplified_link2.stl
[0.749s] -- Installing: /home/balakarthik/IGUS_ROBOT_MANIPULATION/install/igus_rebel_description/share/igus_rebel_description/meshes/robolink_rebel2/base_link.stl
[0.755s] -- Installing: /home/balakarthik/IGUS_ROBOT_MANIPULATION/install/igus_rebel_description/share/igus_rebel_description/meshes/robolink_rebel2/link1.stl
[0.759s] -- Installing: /home/balakarthik/IGUS_ROBOT_MANIPULATION/install/igus_rebel_description/share/igus_rebel_description/meshes/robolink_rebel2/simplified_link6.stl
[0.759s] -- Installing: /home/balakarthik/IGUS_ROBOT_MANIPULATION/install/igus_rebel_description/share/igus_rebel_description/meshes/robolink_rebel2/simplified_link5.stl
[0.760s] -- Installing: /home/balakarthik/IGUS_ROBOT_MANIPULATION/install/igus_rebel_description/share/igus_rebel_description/meshes/robolink_rebel2/motor1.stl
[0.764s] -- Installing: /home/balakarthik/IGUS_ROBOT_MANIPULATION/install/igus_rebel_description/share/igus_rebel_description/meshes/robolink_rebel2/motor2.stl
[0.768s] -- Installing: /home/balakarthik/IGUS_ROBOT_MANIPULATION/install/igus_rebel_description/share/igus_rebel_description/meshes/robolink_rebel2/link3.stl
[0.772s] -- Installing: /home/balakarthik/IGUS_ROBOT_MANIPULATION/install/igus_rebel_description/share/igus_rebel_description/meshes/robolink_rebel2/simplified_base_link.stl
[0.772s] -- Installing: /home/balakarthik/IGUS_ROBOT_MANIPULATION/install/igus_rebel_description/share/igus_rebel_description/meshes/robolink_rebel2/link2.stl
[0.783s] -- Installing: /home/balakarthik/IGUS_ROBOT_MANIPULATION/install/igus_rebel_description/share/igus_rebel_description/meshes/robolink_rebel2/simplified_motor3.stl
[0.783s] -- Installing: /home/balakarthik/IGUS_ROBOT_MANIPULATION/install/igus_rebel_description/share/igus_rebel_description/meshes/robolink_rebel2/link4.stl
[0.786s] -- Installing: /home/balakarthik/IGUS_ROBOT_MANIPULATION/install/igus_rebel_description/share/igus_rebel_description/meshes/robolink_rebel2/simplified_link1.stl
[0.786s] -- Installing: /home/balakarthik/IGUS_ROBOT_MANIPULATION/install/igus_rebel_description/share/igus_rebel_description/meshes/robolink_rebel2/simplified_motor1.stl
[0.787s] -- Installing: /home/balakarthik/IGUS_ROBOT_MANIPULATION/install/igus_rebel_description/share/igus_rebel_description/meshes/robolink_rebel2/motor4.stl
[0.790s] -- Installing: /home/balakarthik/IGUS_ROBOT_MANIPULATION/install/igus_rebel_description/share/igus_rebel_description/meshes/robolink_rebel2/simplified_motor4.stl
[0.791s] -- Installing: /home/balakarthik/IGUS_ROBOT_MANIPULATION/install/igus_rebel_description/share/igus_rebel_description/meshes/robolink_rebel2/link6.stl
[0.791s] -- Installing: /home/balakarthik/IGUS_ROBOT_MANIPULATION/install/igus_rebel_description/share/igus_rebel_description/meshes/robolink_rebel2/motor3.stl
[0.795s] -- Installing: /home/balakarthik/IGUS_ROBOT_MANIPULATION/install/igus_rebel_description/share/igus_rebel_description/meshes/robolink_rebel2/simplified_link3.stl
[0.796s] -- Installing: /home/balakarthik/IGUS_ROBOT_MANIPULATION/install/igus_rebel_description/share/igus_rebel_description/meshes/robolink_rebel2/simplified_motor2.stl
[0.796s] -- Installing: /home/balakarthik/IGUS_ROBOT_MANIPULATION/install/igus_rebel_description/share/igus_rebel_description/meshes/robolink_rebel2/simplified_link4.stl
[0.797s] -- Installing: /home/balakarthik/IGUS_ROBOT_MANIPULATION/install/igus_rebel_description/share/igus_rebel_description/meshes/robolink_rebel2/simplified_motor5.stl
[0.797s] -- Installing: /home/balakarthik/IGUS_ROBOT_MANIPULATION/install/igus_rebel_description/share/igus_rebel_description/meshes/robolink_rebel2/link5.stl
[0.801s] -- Installing: /home/balakarthik/IGUS_ROBOT_MANIPULATION/install/igus_rebel_description/share/igus_rebel_description/meshes/robolink_rebel2/motor5.stl
[0.801s] -- Installing: /home/balakarthik/IGUS_ROBOT_MANIPULATION/install/igus_rebel_description/share/igus_rebel_description/meshes/robolink_rebel
[0.801s] -- Installing: /home/balakarthik/IGUS_ROBOT_MANIPULATION/install/igus_rebel_description/share/igus_rebel_description/meshes/robolink_rebel/Robolink_RebeL_002_2.stl
[0.802s] -- Installing: /home/balakarthik/IGUS_ROBOT_MANIPULATION/install/igus_rebel_description/share/igus_rebel_description/meshes/robolink_rebel/Diffuse Map.004.png
[0.802s] -- Installing: /home/balakarthik/IGUS_ROBOT_MANIPULATION/install/igus_rebel_description/share/igus_rebel_description/meshes/robolink_rebel/Robolink_RebeL_005.stl
[0.802s] -- Installing: /home/balakarthik/IGUS_ROBOT_MANIPULATION/install/igus_rebel_description/share/igus_rebel_description/meshes/robolink_rebel/Robolink_RebeL_000.dae
[0.802s] -- Installing: /home/balakarthik/IGUS_ROBOT_MANIPULATION/install/igus_rebel_description/share/igus_rebel_description/meshes/robolink_rebel/Diffuse Map.001.png
[0.802s] -- Installing: /home/balakarthik/IGUS_ROBOT_MANIPULATION/install/igus_rebel_description/share/igus_rebel_description/meshes/robolink_rebel/Robolink_RebeL_000.stl
[0.803s] -- Installing: /home/balakarthik/IGUS_ROBOT_MANIPULATION/install/igus_rebel_description/share/igus_rebel_description/meshes/robolink_rebel/Robolink_RebeL_006.stl
[0.803s] -- Installing: /home/balakarthik/IGUS_ROBOT_MANIPULATION/install/igus_rebel_description/share/igus_rebel_description/meshes/robolink_rebel/Robolink_RebeL_003.stl
[0.803s] -- Installing: /home/balakarthik/IGUS_ROBOT_MANIPULATION/install/igus_rebel_description/share/igus_rebel_description/meshes/robolink_rebel/Diffuse Map.png
[0.804s] -- Installing: /home/balakarthik/IGUS_ROBOT_MANIPULATION/install/igus_rebel_description/share/igus_rebel_description/meshes/robolink_rebel/Robolink_RebeL_001.stl
[0.804s] -- Installing: /home/balakarthik/IGUS_ROBOT_MANIPULATION/install/igus_rebel_description/share/igus_rebel_description/meshes/robolink_rebel/Diffuse Map.006.png
[0.804s] -- Installing: /home/balakarthik/IGUS_ROBOT_MANIPULATION/install/igus_rebel_description/share/igus_rebel_description/meshes/robolink_rebel/Robolink_RebeL_005.dae
[0.806s] -- Installing: /home/balakarthik/IGUS_ROBOT_MANIPULATION/install/igus_rebel_description/share/igus_rebel_description/meshes/robolink_rebel/Robolink_RebeL_002_0.stl
[0.806s] -- Installing: /home/balakarthik/IGUS_ROBOT_MANIPULATION/install/igus_rebel_description/share/igus_rebel_description/meshes/robolink_rebel/Robolink_RebeL_003.dae
[0.810s] -- Installing: /home/balakarthik/IGUS_ROBOT_MANIPULATION/install/igus_rebel_description/share/igus_rebel_description/meshes/robolink_rebel/Diffuse Map.002.png
[0.810s] -- Installing: /home/balakarthik/IGUS_ROBOT_MANIPULATION/install/igus_rebel_description/share/igus_rebel_description/meshes/robolink_rebel/Robolink_RebeL_002_0.dae
[0.811s] -- Installing: /home/balakarthik/IGUS_ROBOT_MANIPULATION/install/igus_rebel_description/share/igus_rebel_description/meshes/robolink_rebel/Robolink_RebeL_002.stl
[0.812s] -- Installing: /home/balakarthik/IGUS_ROBOT_MANIPULATION/install/igus_rebel_description/share/igus_rebel_description/meshes/robolink_rebel/Robolink_RebeL_002_1.stl
[0.812s] -- Installing: /home/balakarthik/IGUS_ROBOT_MANIPULATION/install/igus_rebel_description/share/igus_rebel_description/meshes/robolink_rebel/Diffuse Map.003.png
[0.812s] -- Installing: /home/balakarthik/IGUS_ROBOT_MANIPULATION/install/igus_rebel_description/share/igus_rebel_description/meshes/robolink_rebel/Diffuse Map.005.png
[0.812s] -- Installing: /home/balakarthik/IGUS_ROBOT_MANIPULATION/install/igus_rebel_description/share/igus_rebel_description/meshes/robolink_rebel/Robolink_RebeL_001.dae
[0.813s] -- Installing: /home/balakarthik/IGUS_ROBOT_MANIPULATION/install/igus_rebel_description/share/igus_rebel_description/meshes/robolink_rebel/Robolink_RebeL_004.dae
[0.816s] -- Installing: /home/balakarthik/IGUS_ROBOT_MANIPULATION/install/igus_rebel_description/share/igus_rebel_description/meshes/robolink_rebel/Robolink_RebeL_002_1.dae
[0.816s] -- Installing: /home/balakarthik/IGUS_ROBOT_MANIPULATION/install/igus_rebel_description/share/igus_rebel_description/meshes/robolink_rebel/Robolink_RebeL_002_2.dae
[0.817s] -- Installing: /home/balakarthik/IGUS_ROBOT_MANIPULATION/install/igus_rebel_description/share/igus_rebel_description/meshes/robolink_rebel/Robolink_RebeL_004.stl
[0.818s] -- Installing: /home/balakarthik/IGUS_ROBOT_MANIPULATION/install/igus_rebel_description/share/igus_rebel_description/meshes/robolink_rebel/Robolink_RebeL_006.dae
[0.819s] -- Installing: /home/balakarthik/IGUS_ROBOT_MANIPULATION/install/igus_rebel_description/share/igus_rebel_description/urdf
[0.819s] -- Installing: /home/balakarthik/IGUS_ROBOT_MANIPULATION/install/igus_rebel_description/share/igus_rebel_description/urdf/igus_rebel_robot2.urdf.xacro
[0.819s] -- Installing: /home/balakarthik/IGUS_ROBOT_MANIPULATION/install/igus_rebel_description/share/igus_rebel_description/urdf/igus_rebel.control.xacro
[0.819s] -- Installing: /home/balakarthik/IGUS_ROBOT_MANIPULATION/install/igus_rebel_description/share/igus_rebel_description/urdf/igus_rebel2.urdf
[0.819s] -- Installing: /home/balakarthik/IGUS_ROBOT_MANIPULATION/install/igus_rebel_description/share/igus_rebel_description/urdf/igus_rebel_robot.urdf.xacro
[0.819s] -- Installing: /home/balakarthik/IGUS_ROBOT_MANIPULATION/install/igus_rebel_description/share/igus_rebel_description/urdf/igus_rebel2.control.xacro
[0.819s] -- Installing: /home/balakarthik/IGUS_ROBOT_MANIPULATION/install/igus_rebel_description/share/igus_rebel_description/urdf/igus_rebel.urdf
[0.819s] -- Installing: /home/balakarthik/IGUS_ROBOT_MANIPULATION/install/igus_rebel_description/share/igus_rebel_description/launch
[0.819s] -- Installing: /home/balakarthik/IGUS_ROBOT_MANIPULATION/install/igus_rebel_description/share/igus_rebel_description/launch/visualize.launch.py
[0.819s] -- Installing: /home/balakarthik/IGUS_ROBOT_MANIPULATION/install/igus_rebel_description/share/ament_index/resource_index/package_run_dependencies/igus_rebel_description
[0.819s] -- Installing: /home/balakarthik/IGUS_ROBOT_MANIPULATION/install/igus_rebel_description/share/ament_index/resource_index/parent_prefix_path/igus_rebel_description
[0.819s] -- Installing: /home/balakarthik/IGUS_ROBOT_MANIPULATION/install/igus_rebel_description/share/igus_rebel_description/environment/ament_prefix_path.sh
[0.819s] -- Installing: /home/balakarthik/IGUS_ROBOT_MANIPULATION/install/igus_rebel_description/share/igus_rebel_description/environment/ament_prefix_path.dsv
[0.819s] -- Installing: /home/balakarthik/IGUS_ROBOT_MANIPULATION/install/igus_rebel_description/share/igus_rebel_description/environment/path.sh
[0.819s] -- Installing: /home/balakarthik/IGUS_ROBOT_MANIPULATION/install/igus_rebel_description/share/igus_rebel_description/environment/path.dsv
[0.819s] -- Installing: /home/balakarthik/IGUS_ROBOT_MANIPULATION/install/igus_rebel_description/share/igus_rebel_description/local_setup.bash
[0.819s] -- Installing: /home/balakarthik/IGUS_ROBOT_MANIPULATION/install/igus_rebel_description/share/igus_rebel_description/local_setup.sh
[0.819s] -- Installing: /home/balakarthik/IGUS_ROBOT_MANIPULATION/install/igus_rebel_description/share/igus_rebel_description/local_setup.zsh
[0.820s] -- Installing: /home/balakarthik/IGUS_ROBOT_MANIPULATION/install/igus_rebel_description/share/igus_rebel_description/local_setup.dsv
[0.820s] -- Installing: /home/balakarthik/IGUS_ROBOT_MANIPULATION/install/igus_rebel_description/share/igus_rebel_description/package.dsv
[0.820s] -- Installing: /home/balakarthik/IGUS_ROBOT_MANIPULATION/install/igus_rebel_description/share/ament_index/resource_index/packages/igus_rebel_description
[0.820s] -- Installing: /home/balakarthik/IGUS_ROBOT_MANIPULATION/install/igus_rebel_description/share/igus_rebel_description/cmake/igus_rebel_descriptionConfig.cmake
[0.820s] -- Installing: /home/balakarthik/IGUS_ROBOT_MANIPULATION/install/igus_rebel_description/share/igus_rebel_description/cmake/igus_rebel_descriptionConfig-version.cmake
[0.820s] -- Installing: /home/balakarthik/IGUS_ROBOT_MANIPULATION/install/igus_rebel_description/share/igus_rebel_description/package.xml
[0.822s] Invoked command in '/home/balakarthik/IGUS_ROBOT_MANIPULATION/build/igus_rebel_description' returned '0': CMAKE_PREFIX_PATH=${CMAKE_PREFIX_PATH}:/opt/ros/jazzy DEBUGINFOD_URLS=https://debuginfod.ubuntu.com /usr/bin/cmake --install /home/balakarthik/IGUS_ROBOT_MANIPULATION/build/igus_rebel_description
